Creating new document
Adding file system path "C:\\Trenchbroom\\defaults\\assets"
Adding file system path "C:\\Users\\Max\\Desktop\\Fishing\\HowToFishFromScratch\\xtreme-pro-bass-fishing-2009\\"
Found 0 shaders
Loaded entity definition file XtremeProBassFishing2009.fgd
Found 0 shaders
Adding file system path "C:\\Trenchbroom\\defaults\\assets"
Adding file system path "C:\\Users\\Max\\Desktop\\Fishing\\HowToFishFromScratch\\xtreme-pro-bass-fishing-2009\\"
Adding file system path "C:\\Users\\Max\\Desktop\\Fishing\\HowToFishFromScratch\\xtreme-pro-bass-fishing-2009\\trenchbroom"
Found 0 shaders
Reloading material collections
Found 0 shaders
Saving document to "C:\\Users\\Max\\AppData\\Roaming\\TrenchBroom\\myhouse.map"
Saved "C:\\Users\\Max\\AppData\\Roaming\\TrenchBroom\\myhouse.map" in 19ms
Saving document to "C:\\Users\\Max\\Desktop\\Fishing\\HowToFishFromScratch\\xtreme-pro-bass-fishing-2009\\trenchbroom\\maps\\myhouse.map"
Saved "C:\\Users\\Max\\Desktop\\Fishing\\HowToFishFromScratch\\xtreme-pro-bass-fishing-2009\\trenchbroom\\maps\\myhouse.map" in 11ms
Reloading material collections
Found 0 shaders
Saving document to "C:\\Users\\Max\\Desktop\\Fishing\\HowToFishFromScratch\\xtreme-pro-bass-fishing-2009\\trenchbroom\\maps\\autosave\\myhouse.1.map"
Created autosave backup at "C:\\Users\\Max\\Desktop\\Fishing\\HowToFishFromScratch\\xtreme-pro-bass-fishing-2009\\trenchbroom\\maps\\autosave\\myhouse.1.map"
Could not clip brush: Brush is empty
Could not clip brush: Brush is empty
Could not clip brush: Brush is empty
Could not clip brush: Brush is empty
Could not clip brush: Brush is empty
Could not clip brush: Brush is empty
Could not clip brush: Brush is empty
Could not clip brush: Brush is empty
Could not clip brush: Brush is empty
Could not clip brush: Brush is empty
Could not clip brush: Brush is empty
Could not clip brush: Brush is empty
Could not clip brush: Brush is empty
Could not clip brush: Brush is empty
Could not clip brush: Brush is empty
Could not clip brush: Brush is empty
Could not clip brush: Brush is empty
Saving document to "C:\\Users\\Max\\Desktop\\Fishing\\HowToFishFromScratch\\xtreme-pro-bass-fishing-2009\\trenchbroom\\maps\\myhouse.map"
Saved "C:\\Users\\Max\\Desktop\\Fishing\\HowToFishFromScratch\\xtreme-pro-bass-fishing-2009\\trenchbroom\\maps\\myhouse.map" in 19ms
Saving document to "C:\\Users\\Max\\Desktop\\Fishing\\HowToFishFromScratch\\xtreme-pro-bass-fishing-2009\\trenchbroom\\maps\\myhouse.map"
Saved "C:\\Users\\Max\\Desktop\\Fishing\\HowToFishFromScratch\\xtreme-pro-bass-fishing-2009\\trenchbroom\\maps\\myhouse.map" in 19ms
Saving document to "C:\\Users\\Max\\Desktop\\Fishing\\HowToFishFromScratch\\xtreme-pro-bass-fishing-2009\\trenchbroom\\maps\\autosave\\myhouse.2.map"
Created autosave backup at "C:\\Users\\Max\\Desktop\\Fishing\\HowToFishFromScratch\\xtreme-pro-bass-fishing-2009\\trenchbroom\\maps\\autosave\\myhouse.2.map"
Saving document to "C:\\Users\\Max\\Desktop\\Fishing\\HowToFishFromScratch\\xtreme-pro-bass-fishing-2009\\trenchbroom\\maps\\myhouse.map"
Saved "C:\\Users\\Max\\Desktop\\Fishing\\HowToFishFromScratch\\xtreme-pro-bass-fishing-2009\\trenchbroom\\maps\\myhouse.map" in 18ms
Saving document to "C:\\Users\\Max\\Desktop\\Fishing\\HowToFishFromScratch\\xtreme-pro-bass-fishing-2009\\trenchbroom\\maps\\autosave\\myhouse.3.map"
Created autosave backup at "C:\\Users\\Max\\Desktop\\Fishing\\HowToFishFromScratch\\xtreme-pro-bass-fishing-2009\\trenchbroom\\maps\\autosave\\myhouse.3.map"
Saving document to "C:\\Users\\Max\\Desktop\\Fishing\\HowToFishFromScratch\\xtreme-pro-bass-fishing-2009\\trenchbroom\\maps\\myhouse.map"
Saved "C:\\Users\\Max\\Desktop\\Fishing\\HowToFishFromScratch\\xtreme-pro-bass-fishing-2009\\trenchbroom\\maps\\myhouse.map" in 13ms
Saving document to "C:\\Users\\Max\\Desktop\\Fishing\\HowToFishFromScratch\\xtreme-pro-bass-fishing-2009\\trenchbroom\\maps\\myhouse.map"
Saved "C:\\Users\\Max\\Desktop\\Fishing\\HowToFishFromScratch\\xtreme-pro-bass-fishing-2009\\trenchbroom\\maps\\myhouse.map" in 9ms
Saving document to "C:\\Users\\Max\\Desktop\\Fishing\\HowToFishFromScratch\\xtreme-pro-bass-fishing-2009\\trenchbroom\\maps\\myhouse.map"
Saved "C:\\Users\\Max\\Desktop\\Fishing\\HowToFishFromScratch\\xtreme-pro-bass-fishing-2009\\trenchbroom\\maps\\myhouse.map" in 9ms
Saving document to "C:\\Users\\Max\\Desktop\\Fishing\\HowToFishFromScratch\\xtreme-pro-bass-fishing-2009\\trenchbroom\\maps\\myhouse.map"
Saved "C:\\Users\\Max\\Desktop\\Fishing\\HowToFishFromScratch\\xtreme-pro-bass-fishing-2009\\trenchbroom\\maps\\myhouse.map" in 9ms
Saving document to "C:\\Users\\Max\\Desktop\\Fishing\\HowToFishFromScratch\\xtreme-pro-bass-fishing-2009\\trenchbroom\\maps\\myhouse.map"
Saved "C:\\Users\\Max\\Desktop\\Fishing\\HowToFishFromScratch\\xtreme-pro-bass-fishing-2009\\trenchbroom\\maps\\myhouse.map" in 10ms
Saving document to "C:\\Users\\Max\\Desktop\\Fishing\\HowToFishFromScratch\\xtreme-pro-bass-fishing-2009\\trenchbroom\\maps\\myhouse.map"
Saved "C:\\Users\\Max\\Desktop\\Fishing\\HowToFishFromScratch\\xtreme-pro-bass-fishing-2009\\trenchbroom\\maps\\myhouse.map" in 9ms
Saving document to "C:\\Users\\Max\\Desktop\\Fishing\\HowToFishFromScratch\\xtreme-pro-bass-fishing-2009\\trenchbroom\\maps\\myhouse.map"
Saved "C:\\Users\\Max\\Desktop\\Fishing\\HowToFishFromScratch\\xtreme-pro-bass-fishing-2009\\trenchbroom\\maps\\myhouse.map" in 20ms
Saving document to "C:\\Users\\Max\\Desktop\\Fishing\\HowToFishFromScratch\\xtreme-pro-bass-fishing-2009\\trenchbroom\\maps\\myhouse.map"
Saved "C:\\Users\\Max\\Desktop\\Fishing\\HowToFishFromScratch\\xtreme-pro-bass-fishing-2009\\trenchbroom\\maps\\myhouse.map" in 26ms
Could not resize brush: Brush is empty
Could not resize brush: Brush is empty
Could not resize brush: Brush is empty
Could not resize brush: Brush is empty
Could not resize brush: Brush is empty
Could not resize brush: Brush is empty
Could not resize brush: Brush is empty
Could not resize brush: Brush is empty
Could not resize brush: Brush is empty
Could not resize brush: Brush is empty
Could not resize brush: Brush is empty
Could not resize brush: Brush is empty
Saving document to "C:\\Users\\Max\\Desktop\\Fishing\\HowToFishFromScratch\\xtreme-pro-bass-fishing-2009\\trenchbroom\\maps\\myhouse.map"
Saved "C:\\Users\\Max\\Desktop\\Fishing\\HowToFishFromScratch\\xtreme-pro-bass-fishing-2009\\trenchbroom\\maps\\myhouse.map" in 19ms
Saving document to "C:\\Users\\Max\\Desktop\\Fishing\\HowToFishFromScratch\\xtreme-pro-bass-fishing-2009\\trenchbroom\\maps\\myhouse.map"
Saved "C:\\Users\\Max\\Desktop\\Fishing\\HowToFishFromScratch\\xtreme-pro-bass-fishing-2009\\trenchbroom\\maps\\myhouse.map" in 14ms
Saving document to "C:\\Users\\Max\\Desktop\\Fishing\\HowToFishFromScratch\\xtreme-pro-bass-fishing-2009\\trenchbroom\\maps\\myhouse.map"
Saved "C:\\Users\\Max\\Desktop\\Fishing\\HowToFishFromScratch\\xtreme-pro-bass-fishing-2009\\trenchbroom\\maps\\myhouse.map" in 20ms
Saving document to "C:\\Users\\Max\\Desktop\\Fishing\\HowToFishFromScratch\\xtreme-pro-bass-fishing-2009\\trenchbroom\\maps\\myhouse.map"
Saved "C:\\Users\\Max\\Desktop\\Fishing\\HowToFishFromScratch\\xtreme-pro-bass-fishing-2009\\trenchbroom\\maps\\myhouse.map" in 22ms
Saving document to "C:\\Users\\Max\\Desktop\\Fishing\\HowToFishFromScratch\\xtreme-pro-bass-fishing-2009\\trenchbroom\\maps\\myhouse.map"
Saved "C:\\Users\\Max\\Desktop\\Fishing\\HowToFishFromScratch\\xtreme-pro-bass-fishing-2009\\trenchbroom\\maps\\myhouse.map" in 10ms
Saving document to "C:\\Users\\Max\\Desktop\\Fishing\\HowToFishFromScratch\\xtreme-pro-bass-fishing-2009\\trenchbroom\\maps\\autosave\\myhouse.4.map"
Created autosave backup at "C:\\Users\\Max\\Desktop\\Fishing\\HowToFishFromScratch\\xtreme-pro-bass-fishing-2009\\trenchbroom\\maps\\autosave\\myhouse.4.map"
Saving document to "C:\\Users\\Max\\Desktop\\Fishing\\HowToFishFromScratch\\xtreme-pro-bass-fishing-2009\\trenchbroom\\maps\\myhouse.map"
Saved "C:\\Users\\Max\\Desktop\\Fishing\\HowToFishFromScratch\\xtreme-pro-bass-fishing-2009\\trenchbroom\\maps\\myhouse.map" in 20ms
Saving document to "C:\\Users\\Max\\Desktop\\Fishing\\HowToFishFromScratch\\xtreme-pro-bass-fishing-2009\\trenchbroom\\maps\\autosave\\myhouse.5.map"
Created autosave backup at "C:\\Users\\Max\\Desktop\\Fishing\\HowToFishFromScratch\\xtreme-pro-bass-fishing-2009\\trenchbroom\\maps\\autosave\\myhouse.5.map"
